# SQL - Structured Query Language
## 1. Cơ bản về SQL
### 1.1 RDBMS
- **Structured Query Language** - ngôn ngữ truy vấn mang tính cấu trúc.
- Dùng để quản lí dữ liệu trong 1 `hệ thống quản lí cơ sở dữ liệu quan hệ(RDBMS)`.
- Các lệnh trong SQL: CREATE, SELECT, INSERT, UPDATE, DELETE, DROP.
- **RDBMS - Relational Database Management System** sử dụng các bảng để lưu dữ liệu. Một bảng là tập hợp các dữ liệu có liên quan và chứa các hàng các cột để lưu dữ liệu.
- **Field(trường):** là thực thể nhỏ nhất của bảng, chứa các thông tin cụ thể về mỗi bản ghi trong bảng.
- **Hàng(bản ghi):** chứa thông tin cụ thể về 1 entry riêng rẽ trong bảng.
- **Constraint - ràng buộc** là quy tắc cho các cột dữ liệu trong bảng `(Not null, Default, Unique, Primary, Foreign, Check, Index)`.

### 1.2. Kiểu dữ liệu
- https://vietjack.com/sql/kieu_du_lieu_trong_sql.jsp
 
### 1.2. Toán tử
- https://vietjack.com/sql/toan_tu_trong_sql.jsp
  
## 2. SQL Database
### 2.1 Create database
```
mysql> show databases;
+--------------------+
| Database           |
+--------------------+
| information_schema |
| mysql              |
| performance_schema |
| sys                |
+--------------------+
4 rows in set (0.01 sec)

```

```
mysql> create database sinhvien;
Query OK, 1 row affected (0.00 sec)

mysql> show databases;
+--------------------+
| Database           |
+--------------------+
| information_schema |
| mysql              |
| performance_schema |
| sinhvien           |
| sys                |
+--------------------+
5 rows in set (0.00 sec)
```

### 2.2 Drop Database
```
mysql> drop database sinhvien;
Query OK, 0 rows affected (0.00 sec)

mysql> show databases;
+--------------------+
| Database           |
+--------------------+
| information_schema |
| mysql              |
| performance_schema |
| sys                |
+--------------------+
4 rows in set (0.01 sec)
```

### 2.3 Select Database
```
mysql> create database sinhvien;
Query OK, 1 row affected (0.00 sec)

mysql> show databases;
+--------------------+
| Database           |
+--------------------+
| information_schema |
| mysql              |
| performance_schema |
| sinhvien           |
| sys                |
+--------------------+
5 rows in set (0.00 sec)

mysql> use sinhvien;
Database changed
```

### 2.4 Rename Database

## 3. SQL table
### 3.1 Create table
```
mysql> create table DSSV( ID int, Ten Varchar (20), Tuoi int,  Khoahoc char (25) );
Query OK, 0 rows affected (0.05 sec)

mysql> DESC DSSV
    -> ;
+---------+-------------+------+-----+---------+-------+
| Field   | Type        | Null | Key | Default | Extra |
+---------+-------------+------+-----+---------+-------+
| ID      | int(11)     | YES  |     | NULL    |       |
| Ten     | varchar(20) | YES  |     | NULL    |       |
| Tuoi    | int(11)     | YES  |     | NULL    |       |
| Khoahoc | char(25)    | YES  |     | NULL    |       |
+---------+-------------+------+-----+---------+-------+
4 rows in set (0.04 sec)
```

### 3.2 Drop table
```
mysql> DESC DSSV
    -> ;
+---------+-------------+------+-----+---------+-------+
| Field   | Type        | Null | Key | Default | Extra |
+---------+-------------+------+-----+---------+-------+
| ID      | int(11)     | YES  |     | NULL    |       |
| Ten     | varchar(20) | YES  |     | NULL    |       |
| Tuoi    | int(11)     | YES  |     | NULL    |       |
| Khoahoc | char(25)    | YES  |     | NULL    |       |
+---------+-------------+------+-----+---------+-------+
4 rows in set (0.01 sec)

mysql> DROP TABLE DSSV;
Query OK, 0 rows affected (0.03 sec)

mysql> DESC DSSV
    -> ;
ERROR 1146 (42S02): Table 'sinhvien.DSSV' doesn't exist
```

### 3.3 Delete table (xóa các hàng từ một bảng)
```
mysql> create table DSSV (
    -> ID int, NAME varchar(30), Tuoi int, Diem int);
Query OK, 0 rows affected (0.05 sec)

mysql> DESC DSSV\
    -> ;
+-------+-------------+------+-----+---------+-------+
| Field | Type        | Null | Key | Default | Extra |
+-------+-------------+------+-----+---------+-------+
| ID    | int(11)     | YES  |     | NULL    |       |
| NAME  | varchar(30) | YES  |     | NULL    |       |
| Tuoi  | int(11)     | YES  |     | NULL    |       |
| Diem  | int(11)     | YES  |     | NULL    |       |
+-------+-------------+------+-----+---------+-------+
4 rows in set (0.00 sec)
```

## 4. Tutorial 
### 4.1 SELECT - use to select data from a database
- `SELECT *
FROM Customers;`
- **SELECT DISTINCT**: return only distinct (diffirent) values.
- **COUNT (DISTINCT value-colume)**: list number of diffirent.
  + `SELECT Count(DISTINCT Country)
FROM Customers;`

### 4.2 WHERE - use to filter 
- `SELECT` column1, column2 `FROM` table `WHERE` clause.
    + `SELECT *FROM Customers WHERE Country='Mexico';`
    + `SELECT *FROM Customers WHERE CustomerID=1;`
    + `SELECT * FROM Customers
WHERE NOT City = 'Berlin ';`
    + `SELECT * FROM Customers
WHERE City = 'Berlin'
AND PostalCode = 12209;`
    + `SELECT * FROM Customer WHERE City = 'Berlin' OR City = 'London';`

### 4.3 ORDER By Syntax - Use to sort the result in ascending pr descending order.
- `SELECT *FROM Customers ORDER BY Country`
- `SELECT *FROM Customers ORDER BY Country DESC`
- `SELECT *FROM Customers ORDER BY Country, City;`

### 4.4 INSERT 



